// Jest Snapshot v1, https://goo.gl/fbAQLP

exports[`Button Component match snapshot 1`] = `[Function]`;
