// Jest Snapshot v1, https://goo.gl/fbAQLP

exports[`TextBox Component snapshot select box 1`] = `[Function]`;
